=== RUN   TestHandler_List
=== RUN   TestHandler_List/happy_case
[GIN-debug] [WARNING] Running in "debug" mode. Switch to "release" mode in production.
 - using env:	export GIN_MODE=release
 - using code:	gin.SetMode(gin.ReleaseMode)

=== RUN   TestHandler_List/happy_case_with_pagination
[GIN-debug] [WARNING] Running in "debug" mode. Switch to "release" mode in production.
 - using env:	export GIN_MODE=release
 - using code:	gin.SetMode(gin.ReleaseMode)

--- PASS: TestHandler_List (0.11s)
    --- PASS: TestHandler_List/happy_case (0.07s)
    --- PASS: TestHandler_List/happy_case_with_pagination (0.04s)
PASS
ok  	github.com/dwarvesf/fortress-api/pkg/handler/project	1.007s
